[    0.000000] Initializing cgroup subsys cpuset
[    0.000000] Initializing cgroup subsys cpu
[    0.000000] Initializing cgroup subsys cpuacct
[    0.000000] Linux version 4.4.0-210-generic (buildd@lgw01-amd64-009) (gcc version 5.4.0 20160609 (Ubuntu 5.4.0-6ubuntu1~16.04.12) ) #242-Ubuntu SMP Fri Apr 16 09:57:56 UTC 2021 (Ubuntu 4.4.0-210.242-generic 4.4.262)
[    0.000000] Command line: BOOT_IMAGE=/boot/vmlinuz-4.4.0-210-generic root=LABEL=cloudimg-rootfs ro console=tty1 console=ttyS0
[    0.000000] KERNEL supported cpus:
[    0.000000]   Intel GenuineIntel
[    0.000000]   AMD AuthenticAMD
[    0.000000]   Centaur CentaurHauls
[    0.000000] x86/fpu: xstate_offset[2]:  576, xstate_sizes[2]:  256
[    0.000000] x86/fpu: Supporting XSAVE feature 0x01: 'x87 floating point registers'
[    0.000000] x86/fpu: Supporting XSAVE feature 0x02: 'SSE registers'
[    0.000000] x86/fpu: Supporting XSAVE feature 0x04: 'AVX registers'
[    0.000000] x86/fpu: Enabled xstate features 0x7, context size is 832 bytes, using 'standard' format.
[    0.000000] e820: BIOS-provided physical RAM map:
[    0.000000] BIOS-e820: [mem 0x0000000000000000-0x000000000009fbff] usable
[    0.000000] BIOS-e820: [mem 0x000000000009fc00-0x000000000009ffff] reserved
[    0.000000] BIOS-e820: [mem 0x00000000000f0000-0x00000000000fffff] reserved
[    0.000000] BIOS-e820: [mem 0x0000000000100000-0x000000003ffeffff] usable
[    0.000000] BIOS-e820: [mem 0x000000003fff0000-0x000000003fffffff] ACPI data
[    0.000000] BIOS-e820: [mem 0x00000000fec00000-0x00000000fec00fff] reserved
[    0.000000] BIOS-e820: [mem 0x00000000fee00000-0x00000000fee00fff] reserved
[    0.000000] BIOS-e820: [mem 0x00000000fffc0000-0x00000000ffffffff] reserved
[    0.000000] NX (Execute Disable) protection: active
[    0.000000] SMBIOS 2.5 present.
[    0.000000] Hypervisor detected: KVM
[    0.000000] e820: last_pfn = 0x3fff0 max_arch_pfn = 0x400000000
[    0.000000] MTRR: Disabled
[    0.000000] x86/PAT: MTRRs disabled, skipping PAT initialization too.
[    0.000000] CPU MTRRs all blank - virtualized system.
[    0.000000] x86/PAT: Configuration [0-7]: WB  WT  UC- UC  WB  WT  UC- UC  
[    0.000000] found SMP MP-table at [mem 0x0009fff0-0x0009ffff] mapped at [ffff88000009fff0]
[    0.000000] Scanning 1 areas for low memory corruption
[    0.000000] RAMDISK: [mem 0x362dc000-0x37165fff]
[    0.000000] ACPI: Early table checksum verification disabled
[    0.000000] ACPI: RSDP 0x00000000000E0000 000024 (v02 VBOX  )
[    0.000000] ACPI: XSDT 0x000000003FFF0030 00003C (v01 VBOX   VBOXXSDT 00000001 ASL  00000061)
[    0.000000] ACPI: FACP 0x000000003FFF00F0 0000F4 (v04 VBOX   VBOXFACP 00000001 ASL  00000061)
[    0.000000] ACPI: DSDT 0x000000003FFF0470 002325 (v02 VBOX   VBOXBIOS 00000002 INTL 20100528)
[    0.000000] ACPI: FACS 0x000000003FFF0200 000040
[    0.000000] ACPI: FACS 0x000000003FFF0200 000040
[    0.000000] ACPI: APIC 0x000000003FFF0240 00005C (v02 VBOX   VBOXAPIC 00000001 ASL  00000061)
[    0.000000] ACPI: SSDT 0x000000003FFF02A0 0001CC (v01 VBOX   VBOXCPUT 00000002 INTL 20100528)
[    0.000000] No NUMA configuration found
[    0.000000] Faking a node at [mem 0x0000000000000000-0x000000003ffeffff]
[    0.000000] NODE_DATA(0) allocated [mem 0x3ffeb000-0x3ffeffff]
[    0.000000] kvm-clock: Using msrs 4b564d01 and 4b564d00
[    0.000000] kvm-clock: cpu 0, msr 0:3ffe3001, primary cpu clock
[    0.000000] kvm-clock: using sched offset of 3793380510 cycles
[    0.000000] clocksource: kvm-clock: mask: 0xffffffffffffffff max_cycles: 0x1cd42e4dffb, max_idle_ns: 881590591483 ns
[    0.000000] Zone ranges:
[    0.000000]   DMA      [mem 0x0000000000001000-0x0000000000ffffff]
[    0.000000]   DMA32    [mem 0x0000000001000000-0x000000003ffeffff]
[    0.000000]   Normal   empty
[    0.000000]   Device   empty
[    0.000000] Movable zone start for each node
[    0.000000] Early memory node ranges
[    0.000000]   node   0: [mem 0x0000000000001000-0x000000000009efff]
[    0.000000]   node   0: [mem 0x0000000000100000-0x000000003ffeffff]
[    0.000000] Initmem setup node 0 [mem 0x0000000000001000-0x000000003ffeffff]
[    0.000000] ACPI: PM-Timer IO Port: 0x4008
[    0.000000] IOAPIC[0]: apic_id 2, version 32, address 0xfec00000, GSI 0-23
[    0.000000] ACPI: INT_SRC_OVR (bus 0 bus_irq 0 global_irq 2 dfl dfl)
[    0.000000] ACPI: INT_SRC_OVR (bus 0 bus_irq 9 global_irq 9 low level)
[    0.000000] Using ACPI (MADT) for SMP configuration information
[    0.000000] smpboot: Allowing 2 CPUs, 0 hotplug CPUs
[    0.000000] PM: Registered nosave memory: [mem 0x00000000-0x00000fff]
[    0.000000] PM: Registered nosave memory: [mem 0x0009f000-0x0009ffff]
[    0.000000] PM: Registered nosave memory: [mem 0x000a0000-0x000effff]
[    0.000000] PM: Registered nosave memory: [mem 0x000f0000-0x000fffff]
[    0.000000] e820: [mem 0x40000000-0xfebfffff] available for PCI devices
[    0.000000] Booting paravirtualized kernel on KVM
[    0.000000] clocksource: refined-jiffies: mask: 0xffffffff max_cycles: 0xffffffff, max_idle_ns: 7645519600211568 ns
[    0.000000] setup_percpu: NR_CPUS:512 nr_cpumask_bits:512 nr_cpu_ids:2 nr_node_ids:1
[    0.000000] PERCPU: Embedded 33 pages/cpu @ffff88003fc00000 s95192 r8192 d31784 u1048576
[    0.000000] Built 1 zonelists in Node order, mobility grouping on.  Total pages: 257912
[    0.000000] Policy zone: DMA32
[    0.000000] Kernel command line: BOOT_IMAGE=/boot/vmlinuz-4.4.0-210-generic root=LABEL=cloudimg-rootfs ro console=tty1 console=ttyS0
[    0.000000] PID hash table entries: 4096 (order: 3, 32768 bytes)
[    0.000000] Memory: 997792K/1048120K available (8644K kernel code, 1332K rwdata, 4044K rodata, 1492K init, 1164K bss, 50328K reserved, 0K cma-reserved)
[    0.000000] SLUB: HWalign=64, Order=0-3, MinObjects=0, CPUs=2, Nodes=1
[    0.000000] Kernel/User page tables isolation: enabled
[    0.000000] Hierarchical RCU implementation.
[    0.000000] 	Build-time adjustment of leaf fanout to 64.
[    0.000000] 	RCU restricting CPUs from NR_CPUS=512 to nr_cpu_ids=2.
[    0.000000] RCU: Adjusting geometry for rcu_fanout_leaf=64, nr_cpu_ids=2
[    0.000000] NR_IRQS:33024 nr_irqs:440 16
[    0.000000] Console: colour VGA+ 80x25
[    0.000000] console [tty1] enabled
[    0.000000] console [ttyS0] enabled
[    0.000000] tsc: Detected 2593.996 MHz processor
[    0.153947] Calibrating delay loop (skipped) preset value.. 5187.99 BogoMIPS (lpj=10375984)
[    0.155687] pid_max: default: 32768 minimum: 301
[    0.156625] ACPI: Core revision 20150930
[    0.158315] ACPI: 2 ACPI AML tables successfully acquired and loaded
[    0.159625] Security Framework initialized
[    0.160473] Yama: becoming mindful.
[    0.161285] AppArmor: AppArmor initialized
[    0.162348] Dentry cache hash table entries: 131072 (order: 8, 1048576 bytes)
[    0.167387] Inode-cache hash table entries: 65536 (order: 7, 524288 bytes)
[    0.168724] Mount-cache hash table entries: 2048 (order: 2, 16384 bytes)
[    0.170084] Mountpoint-cache hash table entries: 2048 (order: 2, 16384 bytes)
[    0.171467] Initializing cgroup subsys io
[    0.172283] Initializing cgroup subsys memory
[    0.173227] Initializing cgroup subsys devices
[    0.174122] Initializing cgroup subsys freezer
[    0.174989] Initializing cgroup subsys net_cls
[    0.175856] Initializing cgroup subsys perf_event
[    0.176773] Initializing cgroup subsys net_prio
[    0.177790] Initializing cgroup subsys hugetlb
[    0.178923] Initializing cgroup subsys pids
[    0.180788] mce: CPU supports 0 MCE banks
[    0.181697] Last level iTLB entries: 4KB 64, 2MB 8, 4MB 8
[    0.182780] Last level dTLB entries: 4KB 64, 2MB 0, 4MB 0, 1GB 4
[    0.183934] Spectre V1 : Mitigation: usercopy/swapgs barriers and __user pointer sanitization
[    0.185714] Spectre V2 : Mitigation: Full generic retpoline
[    0.186800] Spectre V2 : Spectre v2 / SpectreRSB mitigation: Filling RSB on context switch
[    0.188488] Speculative Store Bypass: Vulnerable
[    0.189482] SRBDS: Unknown: Dependent on hypervisor status
[    0.190660] MDS: Mitigation: Clear CPU buffers
[    0.194258] Freeing SMP alternatives memory: 36K
[    0.201106] ftrace: allocating 32380 entries in 127 pages
[    0.263593] smpboot: APIC(0) Converting physical 0 to logical package 0
[    0.264847] smpboot: Max logical packages: 1
[    0.266022] x2apic enabled
[    0.266885] Switched APIC routing to physical x2apic.
[    0.268949] ..TIMER: vector=0x30 apic1=0 pin1=2 apic2=-1 pin2=-1
[    0.378193] smpboot: CPU0: Intel(R) Core(TM) i7-5600U CPU @ 2.60GHz (family: 0x6, model: 0x3d, stepping: 0x4)
[    0.381513] Performance Events: unsupported p6 CPU model 61 no PMU driver, software events only.
[    0.393942] KVM setup paravirtual spinlock
[    0.395740] x86: Booting SMP configuration:
[    0.396737] .... node  #0, CPUs:      #1
[    0.397743] kvm-clock: cpu 1, msr 0:3ffe3041, secondary cpu clock
[    0.399824] mce: CPU supports 0 MCE banks
[    0.402579] x86: Booted up 1 node, 2 CPUs
[    0.403777] smpboot: Total of 2 processors activated (10375.98 BogoMIPS)
[    0.405683] devtmpfs: initialized
[    0.407623] evm: security.selinux
[    0.408469] evm: security.SMACK64
[    0.409269] evm: security.SMACK64EXEC
[    0.410370] evm: security.SMACK64TRANSMUTE
[    0.411617] evm: security.SMACK64MMAP
[    0.412756] evm: security.ima
[    0.413552] evm: security.capability
[    0.414693] clocksource: jiffies: mask: 0xffffffff max_cycles: 0xffffffff, max_idle_ns: 7645041785100000 ns
[    0.417085] futex hash table entries: 512 (order: 3, 32768 bytes)
[    0.418621] pinctrl core: initialized pinctrl subsystem
[    0.419967] RTC time: 12:19:40, date: 06/16/23
[    0.421223] NET: Registered protocol family 16
[    0.432079] cpuidle: using governor ladder
[    0.443673] cpuidle: using governor menu
[    0.444855] PCCT header not found.
[    0.445932] ACPI: bus type PCI registered
[    0.446876] acpiphp: ACPI Hot Plug PCI Controller Driver version: 0.5
[    0.448467] PCI: Using configuration type 1 for base access
[    0.461172] ACPI: Added _OSI(Module Device)
[    0.462327] ACPI: Added _OSI(Processor Device)
[    0.463411] ACPI: Added _OSI(3.0 _SCP Extensions)
[    0.464514] ACPI: Added _OSI(Processor Aggregator Device)
[    0.466419] ACPI: Executed 1 blocks of module-level executable AML code
[    0.470110] ACPI: Interpreter enabled
[    0.471176] ACPI: (supports S0 S5)
[    0.471976] ACPI: Using IOAPIC for interrupt routing
[    0.473376] PCI: Using host bridge windows from ACPI; if necessary, use "pci=nocrs" and report a bug
[    0.479183] ACPI: PCI Root Bridge [PCI0] (domain 0000 [bus 00-ff])
[    0.480476] acpi PNP0A03:00: _OSC: OS supports [ASPM ClockPM Segments MSI]
[    0.482117] acpi PNP0A03:00: _OSC: not requesting OS control; OS requires [ExtendedConfig ASPM ClockPM MSI]
[    0.484269] acpi PNP0A03:00: fail to add MMCONFIG information, can't access extended PCI configuration space under this bridge.
[    0.487225] PCI host bridge to bus 0000:00
[    0.488193] pci_bus 0000:00: root bus resource [io  0x0000-0x0cf7 window]
[    0.489723] pci_bus 0000:00: root bus resource [io  0x0d00-0xffff window]
[    0.491346] pci_bus 0000:00: root bus resource [mem 0x000a0000-0x000bffff window]
[    0.493138] pci_bus 0000:00: root bus resource [mem 0x40000000-0xfdffffff window]
[    0.495173] pci_bus 0000:00: root bus resource [bus 00-ff]
[    0.498348] pci 0000:00:01.1: legacy IDE quirk: reg 0x10: [io  0x01f0-0x01f7]
[    0.499915] pci 0000:00:01.1: legacy IDE quirk: reg 0x14: [io  0x03f6]
[    0.501453] pci 0000:00:01.1: legacy IDE quirk: reg 0x18: [io  0x0170-0x0177]
[    0.512309] pci 0000:00:01.1: legacy IDE quirk: reg 0x1c: [io  0x0376]
[    0.533193] pci 0000:00:07.0: quirk: [io  0x4000-0x403f] claimed by PIIX4 ACPI
[    0.535084] pci 0000:00:07.0: quirk: [io  0x4100-0x410f] claimed by PIIX4 SMB
[    0.549042] ACPI: PCI Interrupt Link [LNKA] (IRQs 5 9 10 *11)
[    0.551080] ACPI: PCI Interrupt Link [LNKB] (IRQs 5 9 *10 11)
[    0.553024] ACPI: PCI Interrupt Link [LNKC] (IRQs 5 *9 10 11)
[    0.554881] ACPI: PCI Interrupt Link [LNKD] (IRQs 5 9 10 *11)
[    0.556690] ACPI: Enabled 2 GPEs in block 00 to 07
[    0.558069] vgaarb: setting as boot device: PCI:0000:00:02.0
[    0.559183] vgaarb: device added: PCI:0000:00:02.0,decodes=io+mem,owns=io+mem,locks=none
[    0.560896] vgaarb: loaded
[    0.561535] vgaarb: bridge control possible 0000:00:02.0
[    0.562948] SCSI subsystem initialized
[    0.564109] ACPI: bus type USB registered
[    0.565112] usbcore: registered new interface driver usbfs
[    0.566294] usbcore: registered new interface driver hub
[    0.567486] usbcore: registered new device driver usb
[    0.572409] PCI: Using ACPI for IRQ routing
[    0.573762] NetLabel: Initializing
[    0.574683] NetLabel:  domain hash size = 128
[    0.575717] NetLabel:  protocols = UNLABELED CIPSOv4
[    0.576944] NetLabel:  unlabeled traffic allowed by default
[    0.578381] amd_nb: Cannot enumerate AMD northbridges
[    0.579653] clocksource: Switched to clocksource kvm-clock
[    0.594566] AppArmor: AppArmor Filesystem Enabled
[    0.596056] pnp: PnP ACPI init
[    0.597650] pnp: PnP ACPI: found 3 devices
[    0.608834] clocksource: acpi_pm: mask: 0xffffff max_cycles: 0xffffff, max_idle_ns: 2085701024 ns
[    0.611020] NET: Registered protocol family 2
[    0.612521] TCP established hash table entries: 8192 (order: 4, 65536 bytes)
[    0.614116] TCP bind hash table entries: 8192 (order: 5, 131072 bytes)
[    0.615605] TCP: Hash tables configured (established 8192 bind 8192)
[    0.617144] UDP hash table entries: 512 (order: 2, 16384 bytes)
[    0.618518] UDP-Lite hash table entries: 512 (order: 2, 16384 bytes)
[    0.619851] NET: Registered protocol family 1
[    0.620889] pci 0000:00:00.0: Limiting direct PCI/PCI transfers
[    0.622209] pci 0000:00:01.0: Activating ISA DMA hang workarounds
[    0.623680] Unpacking initramfs...
[    0.906858] Freeing initrd memory: 14888K
[    0.907862] RAPL PMU detected, API unit is 2^-32 Joules, 4 fixed counters 10737418240 ms ovfl timer
[    0.909613] hw unit of domain pp0-core 2^-0 Joules
[    0.910591] hw unit of domain package 2^-0 Joules
[    0.911621] hw unit of domain dram 2^-0 Joules
[    0.912599] hw unit of domain pp1-gpu 2^-0 Joules
[    0.913570] clocksource: tsc: mask: 0xffffffffffffffff max_cycles: 0x2564143601c, max_idle_ns: 440795231101 ns
[    0.915506] platform rtc_cmos: registered platform RTC device (no PNP device found)
[    0.917110] Scanning for low memory corruption every 60 seconds
[    0.918552] audit: initializing netlink subsys (disabled)
[    0.919581] audit: type=2000 audit(1686917986.120:1): initialized
[    0.921065] Initialise system trusted keyring
[    0.922066] HugeTLB registered 2 MB page size, pre-allocated 0 pages
[    0.924561] zbud: loaded
[    0.925501] VFS: Disk quotas dquot_6.6.0
[    0.926485] VFS: Dquot-cache hash table entries: 512 (order 0, 4096 bytes)
[    0.927958] squashfs: version 4.0 (2009/01/31) Phillip Lougher
[    0.929477] fuse init (API version 7.23)
[    0.930396] Key type big_key registered
[    0.931208] Allocating IMA MOK and blacklist keyrings.
[    0.933379] Key type asymmetric registered
[    0.934340] Asymmetric key parser 'x509' registered
[    0.935527] Block layer SCSI generic (bsg) driver version 0.4 loaded (major 249)
[    0.937200] io scheduler noop registered
[    0.938003] io scheduler deadline registered (default)
[    0.939008] io scheduler cfq registered
[    0.939901] pci_hotplug: PCI Hot Plug PCI Core version: 0.5
[    0.940985] pciehp: PCI Express Hot Plug Controller Driver version: 0.4
[    0.942305] ACPI: AC Adapter [AC] (on-line)
[    0.943222] input: Power Button as /devices/LNXSYSTM:00/LNXPWRBN:00/input/input0
[    0.944832] ACPI: Power Button [PWRF]
[    0.945701] input: Sleep Button as /devices/LNXSYSTM:00/LNXSLPBN:00/input/input1
[    0.947347] ACPI: Sleep Button [SLPF]
[    0.948429] GHES: HEST is not enabled!
[    0.949909] ACPI: Battery Slot [BAT0] (battery present)
[    0.951096] Serial: 8250/16550 driver, 32 ports, IRQ sharing enabled
[    0.972924] 00:02: ttyS0 at I/O 0x3f8 (irq = 4, base_baud = 115200) is a 16550A
[    0.975629] Linux agpgart interface v0.103
[    0.978758] loop: module loaded
[    0.980362] scsi host0: ata_piix
[    0.981452] scsi host1: ata_piix
[    0.982317] ata1: PATA max UDMA/33 cmd 0x1f0 ctl 0x3f6 bmdma 0xd000 irq 14
[    0.983769] ata2: PATA max UDMA/33 cmd 0x170 ctl 0x376 bmdma 0xd008 irq 15
[    0.985510] libphy: Fixed MDIO Bus: probed
[    0.986507] tun: Universal TUN/TAP device driver, 1.6
[    0.987572] tun: (C) 1999-2004 Max Krasnyansky <maxk@qualcomm.com>
[    0.988929] PPP generic driver version 2.4.2
[    0.990037] ehci_hcd: USB 2.0 'Enhanced' Host Controller (EHCI) Driver
[    0.991428] ehci-pci: EHCI PCI platform driver
[    0.992455] ehci-platform: EHCI generic platform driver
[    0.993631] ohci_hcd: USB 1.1 'Open' Host Controller (OHCI) Driver
[    0.995126] ohci-pci: OHCI PCI platform driver
[    0.996163] ohci-platform: OHCI generic platform driver
[    0.997398] uhci_hcd: USB Universal Host Controller Interface driver
[    0.998926] i8042: PNP: PS/2 Controller [PNP0303:PS2K,PNP0f03:PS2M] at 0x60,0x64 irq 1,12
[    1.001505] serio: i8042 KBD port at 0x60,0x64 irq 1
[    1.002782] serio: i8042 AUX port at 0x60,0x64 irq 12
[    1.004130] mousedev: PS/2 mouse device common for all mice
[    1.006420] input: AT Translated Set 2 keyboard as /devices/platform/i8042/serio0/input/input2
[    1.008618] rtc_cmos rtc_cmos: rtc core: registered rtc_cmos as rtc0
[    1.010250] rtc_cmos rtc_cmos: alarms up to one day, 114 bytes nvram
[    1.012261] i2c /dev entries driver
[    1.013370] device-mapper: uevent: version 1.0.3
[    1.014718] device-mapper: ioctl: 4.34.0-ioctl (2015-10-28) initialised: dm-devel@redhat.com
[    1.016858] ledtrig-cpu: registered to indicate activity on CPUs
[    1.019084] NET: Registered protocol family 10
[    1.021001] NET: Registered protocol family 17
[    1.022399] Key type dns_resolver registered
[    1.024101] registered taskstats version 1
[    1.025128] Loading compiled-in X.509 certificates
[    1.026867] Loaded X.509 cert 'Build time autogenerated kernel key: cf00e047681d67edb2720680708b7d9498083038'
[    1.029665] zswap: loaded using pool lzo/zbud
[    1.032604] Key type trusted registered
[    1.036844] Key type encrypted registered
[    1.038419] AppArmor: AppArmor sha1 policy hashing enabled
[    1.040146] ima: No TPM chip found, activating TPM-bypass!
[    1.042149] ima: Allocated hash algorithm: sha1
[    1.043309] evm: HMAC attrs: 0x1
[    1.044694]   Magic number: 11:744:329
[    1.045957] tty tty50: hash matches
[    1.046992] rtc_cmos rtc_cmos: setting system clock to 2023-06-16 12:19:40 UTC (1686917980)
[    1.049257] BIOS EDD facility v0.16 2004-Jun-25, 0 devices found
[    1.050642] EDD information not available.
[    1.164163] Freeing unused kernel memory: 1492K
[    1.165238] Write protecting the kernel read-only data: 14336k
[    1.166904] Freeing unused kernel memory: 1584K
[    1.168094] Freeing unused kernel memory: 52K
Loading, please wait...
starting version 229
[    1.183436] random: systemd-udevd: uninitialized urandom read (16 bytes read, 3 bits of entropy available)
[    1.184510] random: udevadm: uninitialized urandom read (16 bytes read, 3 bits of entropy available)
[    1.184550] random: udevadm: uninitialized urandom read (16 bytes read, 3 bits of entropy available)
[    1.192592] random: systemd-udevd: uninitialized urandom read (16 bytes read, 3 bits of entropy available)
[    1.195098] random: systemd-udevd: uninitialized urandom read (16 bytes read, 3 bits of entropy available)
[    1.195150] random: udevadm: uninitialized urandom read (16 bytes read, 3 bits of entropy available)
[    1.195193] random: udevadm: uninitialized urandom read (16 bytes read, 3 bits of entropy available)
[    1.195324] random: udevadm: uninitialized urandom read (16 bytes read, 3 bits of entropy available)
[    1.195372] random: udevadm: uninitialized urandom read (16 bytes read, 3 bits of entropy available)
[    1.195444] random: udevadm: uninitialized urandom read (16 bytes read, 3 bits of entropy available)
[    1.237892] e1000: Intel(R) PRO/1000 Network Driver - version 7.3.21-k8-NAPI
[    1.239547] e1000: Copyright (c) 1999-2006 Intel Corporation.
[    1.261267] Fusion MPT base driver 3.04.20
[    1.262706] Copyright (c) 1999-2008 LSI Corporation
[    1.281435] AVX2 version of gcm_enc/dec engaged.
[    1.282637] AES CTR mode by8 optimization enabled
[    1.291030] Fusion MPT SPI Host driver 3.04.20
[    1.465846] input: ImExPS/2 Generic Explorer Mouse as /devices/platform/i8042/serio1/input/input4
[    1.667895] e1000 0000:00:03.0 eth0: (PCI:33MHz:32-bit) 02:be:82:6b:cc:1d
[    1.669182] e1000 0000:00:03.0 eth0: Intel(R) PRO/1000 Network Connection
[    2.218602] e1000 0000:00:08.0 eth1: (PCI:33MHz:32-bit) 08:00:27:28:88:13
[    2.221483] e1000 0000:00:08.0 eth1: Intel(R) PRO/1000 Network Connection
[    2.226210] e1000 0000:00:03.0 enp0s3: renamed from eth0
[    2.230843] mptbase: ioc0: Initiating bringup
[    2.244821] e1000 0000:00:08.0 enp0s8: renamed from eth1
[    2.296390] ioc0: LSI53C1030 A0: Capabilities={Initiator}
[    2.459339] scsi host2: ioc0: LSI53C1030 A0, FwRev=00000000h, Ports=1, MaxQ=256, IRQ=20
[    2.573602] scsi 2:0:0:0: Direct-Access     VBOX     HARDDISK         1.0  PQ: 0 ANSI: 5
[    2.616132] scsi target2:0:0: Beginning Domain Validation
[    2.621000] scsi target2:0:0: Domain Validation skipping write tests
[    2.624349] scsi target2:0:0: Ending Domain Validation
[    2.626464] scsi target2:0:0: asynchronous
[    2.629277] scsi 2:0:1:0: Direct-Access     VBOX     HARDDISK         1.0  PQ: 0 ANSI: 5
[    2.632319] scsi target2:0:1: Beginning Domain Validation
[    2.636103] scsi target2:0:1: Domain Validation skipping write tests
[    2.637364] scsi target2:0:1: Ending Domain Validation
[    2.638397] scsi target2:0:1: asynchronous
[    2.645627] sd 2:0:0:0: Attached scsi generic sg0 type 0
[    2.646759] sd 2:0:0:0: [sda] 83886080 512-byte logical blocks: (42.9 GB/40.0 GiB)
[    2.647957] sd 2:0:1:0: [sdb] 20480 512-byte logical blocks: (10.5 MB/10.0 MiB)
[    2.648147] sd 2:0:1:0: [sdb] Write Protect is off
[    2.648247] sd 2:0:1:0: Attached scsi generic sg1 type 0
[    2.648287] sd 2:0:1:0: [sdb] Incomplete mode parameter data
[    2.648288] sd 2:0:1:0: [sdb] Assuming drive cache: write through
[    2.655862] sd 2:0:0:0: [sda] Write Protect is off
[    2.657226] sd 2:0:0:0: [sda] Incomplete mode parameter data
[    2.658445] sd 2:0:0:0: [sda] Assuming drive cache: write through
[    2.673345]  sda: sda1
[    2.674402] sd 2:0:1:0: [sdb] Attached SCSI disk
[    2.676673] sd 2:0:0:0: [sda] Attached SCSI disk
Begin: Loading essential drivers ... [    4.099843] md: linear personality registered for level -1
[    4.103512] md: multipath personality registered for level -4
[    4.107272] md: raid0 personality registered for level 0
[    4.112538] md: raid1 personality registered for level 1
[    4.183782] raid6: sse2x1   gen()  9771 MB/s
[    4.251756] raid6: sse2x1   xor()  7294 MB/s
[    4.319755] raid6: sse2x2   gen() 12183 MB/s
[    4.387754] raid6: sse2x2   xor()  7854 MB/s
[    4.455768] raid6: sse2x4   gen() 13701 MB/s
[    4.523756] raid6: sse2x4   xor()  9803 MB/s
[    4.591869] raid6: avx2x1   gen() 15163 MB/s
[    4.659745] raid6: avx2x2   gen() 14810 MB/s
[    4.739745] raid6: avx2x4   gen() 24900 MB/s
[    4.740644] raid6: using algorithm avx2x4 gen() 24900 MB/s
[    4.741696] raid6: using avx2x2 recovery algorithm
[    4.744295] xor: automatically using best checksumming function:
[    4.783707]    avx       : 25267.000 MB/sec
[    4.785982] async_tx: api initialized (async)
[    4.795711] md: raid6 personality registered for level 6
[    4.796799] md: raid5 personality registered for level 5
[    4.797932] md: raid4 personality registered for level 4
[    4.804802] md: raid10 personality registered for level 10
done.
Begin: Running /scripts/init-premount ... done.
Begin: Mounting root file system ... Begin: Running /scripts/local-top ... done.
Begin: Running /scripts/local-premount ... [    4.833873] Btrfs loaded
Scanning for Btrfs filesystems
done.
Warning: fsck not present, so skipping root file system
[    4.924280] EXT4-fs (sda1): INFO: recovery required on readonly filesystem
[    4.925695] EXT4-fs (sda1): write access will be enabled during recovery
[    4.973481] EXT4-fs (sda1): recovery complete
[    4.974665] EXT4-fs (sda1): mounted filesystem with ordered data mode. Opts: (null)
done.
Begin: Running /scripts/local-bottom ... done.
Begin: Running /scripts/init-bottom ... done.
[    5.597374] systemd[1]: systemd 229 running in system mode. (+PAM +AUDIT +SELINUX +IMA +APPARMOR +SMACK +SYSVINIT +UTMP +LIBCRYPTSETUP +GCRYPT +GNUTLS +ACL +XZ -LZ4 +SECCOMP +BLKID +ELFUTILS +KMOD -IDN)
[    5.607848] systemd[1]: Detected virtualization oracle.
[    5.611442] systemd[1]: Detected architecture x86-64.

Welcome to [1mUbuntu 16.04.7 LTS[0m!

[    5.648149] systemd[1]: Set hostname to <web01>.
[    5.901446] random: nonblocking pool is initialized
[    6.455540] systemd[1]: Reached target System Time Synchronized.
[[0;32m  OK  [0m] Reached target System Time Synchronized.
[    6.458408] systemd[1]: Reached target Swap.
[[0;32m  OK  [0m] Reached target Swap.
[    6.460745] systemd[1]: Listening on Syslog Socket.
[[0;32m  OK  [0m] Listening on Syslog Socket.
[    6.468628] systemd[1]: Listening on Journal Socket (/dev/log).
[[0;32m  OK  [0m] Listening on Journal Socket (/dev/log).
[    6.471224] systemd[1]: Listening on LVM2 metadata daemon socket.
[[0;32m  OK  [0m] Listening on LVM2 metadata daemon socket.
[    6.473986] systemd[1]: Listening on udev Kernel Socket.
[[0;32m  OK  [0m] Listening on udev Kernel Socket.
[    6.484237] systemd[1]: Listening on LVM2 poll daemon socket.
[[0;32m  OK  [0m] Listening on LVM2 poll daemon socket.
[    6.486986] systemd[1]: Created slice User and Session Slice.
[[0;32m  OK  [0m] Created slice User and Session Slice.
[    6.489371] systemd[1]: Listening on /dev/initctl Compatibility Named Pipe.
[[0;32m  OK  [0m] Listening on /dev/initctl Compatibility Named Pipe.
[    6.492434] systemd[1]: Reached target Encrypted Volumes.
[[0;32m  OK  [0m] Reached target Encrypted Volumes.
[    6.495135] systemd[1]: Set up automount Arbitrary Executable File Formats File System Automount Point.
[[0;32m  OK  [0m] Set up automount Arbitrary Executab...ats File System Automount Point.
[    6.499068] systemd[1]: Listening on fsck to fsckd communication Socket.
[[0;32m  OK  [0m] Listening on fsck to fsckd communication Socket.
[    6.502097] systemd[1]: Started Forward Password Requests to Wall Directory Watch.
[[0;32m  OK  [0m] Started Forward Password Requests to Wall Directory Watch.
[    6.505491] systemd[1]: Started Trigger resolvconf update for networkd DNS.
[[0;32m  OK  [0m] Started Trigger resolvconf update for networkd DNS.
[    6.508932] systemd[1]: Listening on Journal Socket.
[[0;32m  OK  [0m] Listening on Journal Socket.
[    6.511301] systemd[1]: Listening on Journal Audit Socket.
[[0;32m  OK  [0m] Listening on Journal Audit Socket.
[    6.513720] systemd[1]: Listening on udev Control Socket.
[[0;32m  OK  [0m] Listening on udev Control Socket.
[    6.516512] systemd[1]: Created slice System Slice.
[[0;32m  OK  [0m] Created slice System Slice.
[    6.536629] systemd[1]: Starting Uncomplicated firewall...
         Starting Uncomplicated firewall...
[    6.572540] systemd[1]: Mounting Debug File System...
         Mounting Debug File System...
[    6.579536] systemd[1]: Starting Load Kernel Modules...
         Starting Load Kernel Modules...
[    6.582000] systemd[1]: Reached target Slices.
[[0;32m  OK  [0m] Reached target Slices.
[    6.584495] systemd[1]: Created slice system-serial\x2dgetty.slice.
[[0;32m  OK  [0m] Created slice system-serial\x2dgetty.slice.
[    6.588621] systemd[1]: Mounting POSIX Message Queue File System...
         Mounting POSIX Message Queue File System...
[    6.592481] systemd[1]: Starting Nameserver information manager...
         Starting Nameserver information manager...
[    6.596135] systemd[1]: Mounting Huge Pages File System...
         Mounting Huge Pages File System...
[    6.599407] systemd[1]: Starting File System Check on Root Device...
         Starting File System Check on Root Device...
[    6.608941] systemd[1]: Starting Set console keymap...
         Starting Set console keymap...
[    6.611481] systemd[1]: Listening on Device-mapper event daemon FIFOs.
[[0;32m  OK  [0m] Listening on Device-mapper event daemon FIFOs.
[    6.620896] systemd[1]: Starting Journal Service...
         Starting Journal Service...
[    6.623215] systemd[1]: Reached target User and Group Name Lookups.
[[0;32m  OK  [0m] Reached target User and Group Name Lookups.
[    6.633056] systemd[1]: Starting Monitoring of LVM2 mirrors, snapshots etc. using dmeventd or progress polling...
         Starting Monitoring of LVM2 mirrors... dmeventd or progress polling...
[    6.643453] systemd[1]: Starting Create list of required static device nodes for the current kernel...
         Starting Create list of required st... nodes for the current kernel...
[    6.649765] systemd[1]: Started Uncomplicated firewall.
[[0;32m  OK  [0m] Started Uncomplicated firewall.
[    6.692400] systemd[1]: Started File System Check Daemon to report status.
[[0;32m  OK  [0m] Started File System Check Daemon to report status.
[    6.732656] systemd[1]: Started Create list of required static device nodes for the current kernel.
[[0;32m  OK  [0m] Started Create list of required sta...ce nodes for the current kernel.
[    6.752435] systemd[1]: Starting Create Static Device Nodes in /dev...
         Starting Create Static Device Nodes in /dev...
[    6.756648] Loading iSCSI transport class v2.0-870.
[    6.758339] systemd[1]: Mounted Huge Pages File System.
[[0;32m  OK  [0m] Mounted Huge Pages File System.
[    6.761878] systemd[1]: Mounted POSIX Message Queue File System.
[[0;32m  OK  [0m] Mounted POSIX Message Queue File System.
[    6.764341] systemd[1]: Mounted Debug File System.
[[0;32m  OK  [0m] Mounted Debug File System.
[    6.841080] systemd[1]: Started Nameserver information manager.
[[0;32m  OK  [0m] Started Nameserver information manager.
[    6.932142] iscsi: registered transport (tcp)
[    6.984613] systemd[1]: Started Set console keymap.
[[0;32m  OK  [0m] Started Set console keymap.
[    6.995396] systemd[1]: Started Journal Service.
[[0;32m  OK  [0m] Started Journal Service.
[[0;32m  OK  [0m] Started File System Check on Root Device.
         Starting Remount Root and Kernel File Systems...
[    7.082415] EXT4-fs (sda1): re-mounted. Opts: (null)
[[0;32m  OK  [0m] Started Remount Root and Kernel File Systems.
[    7.131443] iscsi: registered transport (iser)
         Starting udev Coldplug all Devices...
         Starting Flush Journal to Persistent Storage...
         Starting Load/Save Random Seed...
[[0;32m  OK  [0m] Started Load Kernel Modules.
         Starting Apply Kernel Variables...
         Mounting FUSE Control File System...
[[0;32m  OK  [0m] Mounted FUSE Control File System.
[[0;32m  OK  [0m] Started Load/Save Random Seed.
[    7.215996] systemd-journald[392]: Received request to flush runtime journal from PID 1
[[0;32m  OK  [0m] Started Flush Journal to Persistent Storage.
[[0;32m  OK  [0m] Started Apply Kernel Variables.
[[0;32m  OK  [0m] Started udev Coldplug all Devices.
[[0;32m  OK  [0m] Started Create Static Device Nodes in /dev.
         Starting udev Kernel Device Manager...
[[0;32m  OK  [0m] Started LVM2 metadata daemon.
[[0;32m  OK  [0m] Started udev Kernel Device Manager.
[[0;32m  OK  [0m] Started Dispatch Password Requests to Console Directory Watch.
[[0;32m  OK  [0m] Found device /dev/ttyS0.
[[0;32m  OK  [0m] Listening on Load/Save RF Kill Switch Status /dev/rfkill Watch.
[[0;32m  OK  [0m] Started Monitoring of LVM2 mirrors,...ng dmeventd or progress polling.
[[0;32m  OK  [0m] Reached target Local File Systems (Pre).
[[0;32m  OK  [0m] Reached target Local File Systems.
         Starting Create Volatile Files and Directories...
         Starting Initial cloud-init job (pre-networking)...
         Starting LSB: AppArmor initialization...
         Starting Set console font and keymap...
         Starting Tell Plymouth To Write Out Runtime Data...
[[0;32m  OK  [0m] Started Tell Plymouth To Write Out Runtime Data.
[[0;32m  OK  [0m] Started Create Volatile Files and Directories.
         Starting Update UTMP about System Boot/Shutdown...
[[0;32m  OK  [0m] Started Update UTMP about System Boot/Shutdown.
[[0;32m  OK  [0m] Found device 82540EM Gigabit Ethern...r (PRO/1000 MT Desktop Adapter).
[[0;32m  OK  [0m] Found device 82540EM Gigabit Ethern...r (PRO/1000 MT Desktop Adapter).
[[0;32m  OK  [0m] Started Set console font and keymap.
[[0;32m  OK  [0m] Created slice system-getty.slice.
[[0;32m  OK  [0m] Started LSB: AppArmor initialization.
         Starting Load AppArmor profiles managed internally by snapd...
[[0;32m  OK  [0m] Started Load AppArmor profiles managed internally by snapd.
[   16.155106] cloud-init[546]: Cloud-init v. 21.1-19-gbad84ad4-0ubuntu1~16.04.2 running 'init-local' at Fri, 16 Jun 2023 12:19:55 +0000. Up 15.59 seconds.
[[0;32m  OK  [0m] Started Initial cloud-init job (pre-networking).
[[0;32m  OK  [0m] Reached target Network (Pre).
[[0;32m  OK  [0m] Started ifup for enp0s3.
[[0;32m  OK  [0m] Started ifup for enp0s8.
         Starting Raise network interfaces...
[[0;32m  OK  [0m] Started Raise network interfaces.
[[0;32m  OK  [0m] Reached target Network.
         Starting Initial cloud-init job (metadata service crawler)...
[   17.203177] cloud-init[1088]: Cloud-init v. 21.1-19-gbad84ad4-0ubuntu1~16.04.2 running 'init' at Fri, 16 Jun 2023 12:19:56 +0000. Up 16.73 seconds.
[   17.212523] cloud-init[1088]: ci-info: ++++++++++++++++++++++++++++++++++++++Net device info+++++++++++++++++++++++++++++++++++++++
[   17.220611] cloud-init[1088]: ci-info: +--------+------+-----------------------------+---------------+--------+-------------------+
[   17.228467] cloud-init[1088]: ci-info: | Device |  Up  |           Address           |      Mask     | Scope  |     Hw-Address    |
[   17.229615] cloud-init[1088]: ci-info: +--------+------+-----------------------------+---------------+--------+-------------------+
[   17.236373] cloud-init[1088]: ci-info: | enp0s3 | True |          10.0.2.15          | 255.255.255.0 | global | 02:be:82:6b:cc:1d |
[   17.244404] cloud-init[1088]: ci-info: | enp0s3 | True |  fe80::be:82ff:fe6b:cc1d/64 |       .       |  link  | 02:be:82:6b:cc:1d |
[   17.246154] cloud-init[1088]: ci-info: | enp0s8 | True |        192.168.56.11        | 255.255.255.0 | global | 08:00:27:28:88:13 |
[   17.247715] cloud-init[1088]: ci-info: | enp0s8 | True | fe80::a00:27ff:fe28:8813/64 |       .       |  link  | 08:00:27:28:88:13 |
[   17.249138] cloud-init[1088]: ci-info: |   lo   | True |          127.0.0.1          |   255.0.0.0   |  host  |         .         |
[   17.252353] cloud-init[1088]: ci-info: |   lo   | True |           ::1/128           |       .       |  host  |         .         |
[   17.253820] cloud-init[1088]: ci-info: +--------+------+-----------------------------+---------------+--------+-------------------+
[   17.260362] cloud-init[1088]: ci-info: ++++++++++++++++++++++++++++Route IPv4 info++++++++++++++++++++++++++++
[   17.262249] cloud-init[1088]: ci-info: +-------+--------------+----------+---------------+-----------+-------+
[   17.277148] [[0;32m  OK  [0m] Started Initial cloud-init job (metadata service crawler).
[[0;32m  OK  [0m] Reached target Cloud-config availability.
[[0;32m  OK  [0m] Reached target Network is Online.
cloud-init[1088]: ci-info: | Route | Destination  | Gateway  |    Genmask    | Interface | Flags |
[   17.289126]          Starting iSCSI initiator daemon (iscsid)...
[cloud-init[0;32m  OK  [0m[1088]: ] ci-info: +-------+--------------+----------+---------------+-----------+-------+Reached target System Initialization.

[[0;32m  OK  [0m] Listening on UUID daemon activation socket.
[[0;32m  OK  [0m] Listening on D-Bus System Message Bus Socket.
[[0;32m  OK  [0m] Started Daily Cleanup of Temporary Directories.
[   17.292187] [[0;32m  OK  [0m] Started Daily apt download activities.
[[0;32m  OK  [0m] Started Message of the Day.
cloud-init[1088]: ci-info: |   0   |   0.0.0.0    | 10.0.2.2 |    0.0.0.0    |   enp0s3  |   UG  |
[   17.297667] cloud-init[1088]: ci-info: |   1   |   10.0.2.0   | 0.0.0.0  | 255.255.255.0 |   enp0s3  |   U   |
[   17.305160] cloud-init[1088]: ci-info: |   2   | 192.168.56.0 | 0.0.0.0  | 255.255.255.0 |   enp0s8  |   U   |
[   17.312365] cloud-init[1088]: ci-info: +-------+--------------+----------+---------------+-----------+-------+[[0;32m  OK  [0m] Started ACPI Events Check.
[
[0;32m  OK  [0m] Reached target Paths.
[   17.315236] cloud-init[1088]: ci-info: +++++++++++++++++++Route IPv6 info+++++++++++++++++++
[   17.316578] cloud-init[1088]: ci-info: +-------+-------------+---------+-----------+-------+
[   17.324852]          Starting LXD - unix socket.
         Starting Socket activation for snappy daemon.
[[0;32m  OK  [0m] Listening on ACPID Listen Socket.
[[0;32m  OK  [0mcloud-init] [1088]: Started Daily apt upgrade and clean activities.ci-info: | Route | Destination | Gateway | Interface | Flags |

[   17.328754] [[0;32m  OK  [0m] Started Ubuntu Advantage update messaging.
[[0;32m  OK  [0m] Reached target Timers.
cloud-init[1088]: ci-info: +-------+-------------+---------+-----------+-------+
[   17.331280] cloud-init[1088]: ci-info: |   0   |  fe80::/64  |    ::   |   enp0s8  |   U   |
[   17.340426] [[0;32m  OK  [0m] Listening on LXD - unix socket.
[cloud-init[0;32m  OK  [0m[1088]: ] Listening on Socket activation for snappy daemon.
ci-info: |   1   |  fe80::/64  |    ::   |   enp0s3  |   U   |
[   17.343400] [[0;32m  OK  [0m] Reached target Sockets.
[[0;32m  OK  [0m] Reached target Basic System.
cloud-init[1088]:          Starting Accounts Service...
ci-info: |   4   |   ff00::/8  |    ::   |   enp0s8  |   U   |         Starting System Logging Service...

[[0;32m  OK  [0m] Started FUSE filesystem for LXC.
[   17.347833] cloud-init[1088]: ci-info: |   5   |   ff00::/8  |    ::   |   enp0s3  |   U   |[[0;32m  OK  [0m] Started Deferred execution scheduler.

[   17.351259] cloud-init[[0;32m  OK  [0m] Started D-Bus System Message Bus.
[1088]: ci-info: +-------+-------------+---------+-----------+-------+
         Starting LSB: Record successful boot for GRUB...
         Starting Virtualbox guest utils...
[[0;32m  OK  [0m] Started ACPI event daemon.
         Starting A high performance web server and a reverse proxy server...
[[0;32m  OK  [0m] Started Regular background program processing daemon.
         Starting LSB: MD monitoring daemon...
         Starting Snap Daemon...
         Starting OpenBSD Secure Shell server...
         Starting Login Service...
         Starting /etc/rc.local Compatibility...
         Starting LXD - container startup/shutdown...
[[0;32m  OK  [0m] Started System Logging Service.
[[0;32m  OK  [0m] Started iSCSI initiator daemon (iscsid).
         Starting Authenticate and Authorize Users to Run Privileged Tasks...
         Starting Login to default iSCSI targets...
[[0;32m  OK  [0m] Started /etc/rc.local Compatibility.
[[0;32m  OK  [0m] Started LSB: Record successful boot for GRUB.
[[0;32m  OK  [0m] Started Login Service.
[[0;32m  OK  [0m] Started Unattended Upgrades Shutdown.
[[0;32m  OK  [0m] Started Authenticate and Authorize Users to Run Privileged Tasks.
[[0;32m  OK  [0m] Started Accounts Service.
[[0;32m  OK  [0m] Started LSB: MD monitoring daemon.
[[0;32m  OK  [0m] Started Login to default iSCSI targets.
[[0;32m  OK  [0m] Reached target Remote File Systems (Pre).
         Mounting /vagrant...
[[0;32m  OK  [0m] Started Virtualbox guest utils.
[[0;32m  OK  [0m] Mounted /vagrant.
[[0;32m  OK  [0m] Reached target Remote File Systems.
         Starting Permit User Sessions...
         Starting LSB: automatic crash report generation...
         Starting LSB: Set the CPU Frequency Scaling governor to "ondemand"...
         Starting LSB: daemon to balance interrupts for SMP systems...
[[0;32m  OK  [0m] Started LSB: Set the CPU Frequency Scaling governor to "ondemand".
[[0;32m  OK  [0m] Started Permit User Sessions.
         Starting Terminate Plymouth Boot Screen...
         Starting Hold until boot process finishes up...
[[0;32m  OK  [0m] Started Hold until boot process finishes up.
[[0;32m  OK  [0m] Started Terminate Plymouth Boot Screen.
         Starting Set console scheme...
[[0;32m  OK  [0m] Started Serial Getty on ttyS0.
[[0;32m  OK  [0m] Started Getty on tty1.
[[0;32m  OK  [0m] Reached target Login Prompts.
[[0;32m  OK  [0m] Started OpenBSD Secure Shell server.
[[0;32m  OK  [0m] Started Set console scheme.
[[0;32m  OK  [0m] Started LSB: daemon to balance interrupts for SMP systems.
[[0;32m  OK  [0m] Started LSB: automatic crash report generation.
[[0;32m  OK  [0m] Created slice User Slice of vagrant.
         Starting User Manager for UID 1000...
[[0;32m  OK  [0m] Started Session 1 of user vagrant.
[[0;32m  OK  [0m] Started User Manager for UID 1000.
[[0;32m  OK  [0m] Started LXD - container startup/shutdown.
[[0;32m  OK  [0m] Started A high performance web server and a reverse proxy server.
[[0;32m  OK  [0m] Started Snap Daemon.
         Starting Wait until snapd is fully seeded...
[[0;32m  OK  [0m] Started Wait until snapd is fully seeded.
[[0;32m  OK  [0m] Reached target Multi-User System.
[[0;32m  OK  [0m] Reached target Graphical Interface.
         Starting Update UTMP about System Runlevel Changes...
         Starting Apply the settings specified in cloud-config...
[[0;32m  OK  [0m] Started Update UTMP about System Runlevel Changes.
[   23.961729] cloud-init[1430]: Cloud-init v. 21.1-19-gbad84ad4-0ubuntu1~16.04.2 running 'modules:config' at Fri, 16 Jun 2023 12:20:03 +0000. Up 23.61 seconds.
[[0;32m  OK  [0m] Started Apply the settings specified in cloud-config.
         Starting Execute cloud user/final scripts...
[   24.664378] cloud-init[1440]: Cloud-init v. 21.1-19-gbad84ad4-0ubuntu1~16.04.2 running 'modules:final' at Fri, 16 Jun 2023 12:20:04 +0000. Up 24.36 seconds.
[   24.666969] cloud-init[1440]: Cloud-init v. 21.1-19-gbad84ad4-0ubuntu1~16.04.2 finished at Fri, 16 Jun 2023 12:20:04 +0000. Datasource DataSourceNoCloud [seed=/dev/sdb][dsmode=net].  Up 24.65 seconds

Ubuntu 16.04.7 LTS web01 ttyS0

web01 login: [[0;32m  OK  [0m] Stopped Unattended Upgrades Shutdown.
[[0;32m  OK  [0m] Closed Load/Save RF Kill Switch Status /dev/rfkill Watch.
[[0;32m  OK  [0m] Stopped target Graphical Interface.
         Stopping ACPI event daemon...
         Stopping Authenticate and Authorize Users to Run Privileged Tasks...
         Stopping User Manager for UID 1000...
         Stopping Session 2 of user vagrant.
[[0;32m  OK  [0m] Stopped target Cloud-init target.
[[0;32m  OK  [0m] Stopped Execute cloud user/final scripts.
[[0;32m  OK  [0m] Stopped target Multi-User System.
         Stopping OpenBSD Secure Shell server...
[[0;32m  OK  [0m] Stopped target Login Prompts.
         Stopping Getty on tty1...
         Stopping Serial          Stopping LSB: daemon to balance interrupts for SMP systems...
         Stopping Virtualbox guest utils...
         Stopping Regular background program processing daemon...
         Stopping Deferred execution scheduler...
         Stopping LSB: automatic crash report generation...
         Stopping LXD - container startup/shutdown...
         Stopping LSB: Set the CPU Frequency Scaling governor to "ondemand"...
         Stopping LSB: MD monitoring daemon...
         Stopping System Logging Service...
         Stopping LSB: Record successful boot for GRUB...
[[0;32m  OK  [0m] Stopped Apply the settings specified in cloud-config.
[[0;32m  OK  [0m] Stopped Wait until snapd is fully seeded.
[[0;32m  OK  [0m] Stopped target Cloud-config availability.
         Stopping D-Bus System Message Bus...
[[0;32m  OK  [0m] Stopped target Timers.
[[0;32m  OK  [0m] Stopped Daily apt upgrade and clean activities.
[[0;32m  OK  [0m] Stopped Message of the Day.
[[0;32m  OK  [0m] Stopped Daily Cleanup of Temporary Directories.
[[0;32m  OK  [0m] Stopped Daily apt download activities.
[[0;32m  OK  [0m] Stopped Ubuntu Advantage update messaging.
[[0;32m  OK  [0m] Stopped target System Time Synchronized.
         Stopping A high performance web server and a reverse proxy server...
         Stopping Accounts Service...
         Stopping FUSE filesystem for LXC...
         Stopping Session 10 of user vagrant.
[[0;32m  OK  [0m] Unmounted /var/lib/lxcfs.
[[0;32m  OK  [0m] Stopped Accounts Service.
[[0;32m  OK  [0m] Stopped System Logging Service.
[[0;32m  OK  [0m] Stopped Deferred execution scheduler.
[[0;32m  OK  [0m] Stopped ACPI event daemon.
[[0;32m  OK  [0m] Stopped Regular background program processing daemon.
[[0;32m  OK  [0m] Stopped Authenticate and Authorize Users to Run Privileged Tasks.
[[0;32m  OK  [0m] Stopped Serial Getty on ttyS0.
[[0;32m  OK  [0m] Stopped Getty on tty1.
[[0;32m  OK  [0m] Stopped OpenBSD Secure Shell server.
[[0;32m  OK  [0m] Stopped User Manager for UID 1000.
[[0;32m  OK  [0m] Stopped Session 2 of user vagrant.
[[0;32m  OK  [0m] Stopped D-Bus System Message Bus.
[[0;32m  OK  [0m] Stopped FUSE filesystem for LXC.
[[0;32m  OK  [0m] Stopped A high performance web server and a reverse proxy server.
[[0;32m  OK  [0m] Stopped LSB: daemon to balance interrupts for SMP systems.
[[0;32m  OK  [0m] Stopped LSB: MD monitoring daemon.
[[0;32m  OK  [0m] Stopped LSB: Record successful boot for GRUB.
[[0;32m  OK  [0m] Stopped LSB: Set the CPU Frequency Scaling governor to "ondemand".
[[0;32m  OK  [0m] Stopped LXD - container startup/shutdown.
[[0;32m  OK  [0m] Removed slice system-getty.slice.
[[0;32m  OK  [0m] Stopped /etc/rc.local Compatibility.
[[0;32m  OK  [0m] Removed slice system-serial\x2dgetty.slice.
[[0;32m  OK  [0m] Stopped Session 10 of user vagrant.
[[0;32m  OK  [0m] Removed slice User Slice of vagrant.
         Stopping Permit User Sessions...
         Stopping Login Service...
[[0;32m  OK  [0m] Stopped Virtualbox guest utils.
[[0;32m  OK  [0m] Stopped LSB: automatic crash report generation.
[[0;32m  OK  [0m] Stopped Permit User Sessions.
[[0;32m  OK  [0m] Stopped target Remote File Systems.
         Unmounting /vagrant...
[[0;32m  OK  [0m] Unmounted /vagrant.
[[0;32m  OK  [0m] Stopped target Remote File Systems (Pre).
         Stopping Login to default iSCSI targets...
[[0;32m  OK  [0m] Stopped Login Service.
[[0;32m  OK  [0m] Stopped target User and Group Name Lookups.
[[0;32m  OK  [0m] Stopped target Basic System.
[[0;32m  OK  [0m] Stopped target Sockets.
[[0;32m  OK  [0m] Closed Syslog Socket.
[[0;32m  OK  [0m] Closed ACPID Listen Socket.
[[0;32m  OK  [0m] Closed Socket activation for snappy daemon.
[[0;32m  OK  [0m] Closed D-Bus System Message Bus Socket.
[[0;32m  OK  [0m] Closed LXD - unix socket.
[[0;32m  OK  [0m] Closed UUID daemon activation socket.
[[0;32m  OK  [0m] Stopped target Paths.
[[0;32m  OK  [0m] Stopped Dispatch Password Requests to Console Directory Watch.
[[0;32m  OK  [0m] Stopped Forward Password Requests to Wall Directory Watch.
[[0;32m  OK  [0m] Stopped ACPI Events Check.
[[0;32m  OK  [0m] Stopped target System Initialization.
[[0;32m  OK  [0m] Stopped target Swap.
[[0;32m  OK  [0m] Stopped Create Volatile Files and Directories.
[[0;32m  OK  [0m] Stopped target Encrypted Volumes.
         Stopping Load/Save Random Seed...
[[0;32m  OK  [0m] Stopped target Slices.
[[0;32m  OK  [0m] Removed slice User and Session Slice.
[[0;32m  OK  [0m] Stopped Load/Save Random Seed.
[[0;32m  OK  [0m] Stopped Login to default iSCSI targets.
         Stopping iSCSI initiator daemon (iscsid)...
[[0;32m  OK  [0m] Stopped iSCSI initiator daemon (iscsid).
[[0;32m  OK  [0m] Stopped target Network is Online.
[[0;32m  OK  [0m] Stopped Initial cloud-init job (metadata service crawler).
[[0;32m  OK  [0m] Stopped target Network.
         Stopping Raise network interfaces...
[[0;32m  OK  [0m] Stopped Raise network interfaces.
[[0;32m  OK  [0m] Stopped Apply Kernel Variables.
[[0;32m  OK  [0m] Stopped Load Kernel Modules.
[[0;32m  OK  [0m] Stopped target Network (Pre).
[[0;32m  OK  [0m] Stopped Initial cloud-init job (pre-networking).
[[0;32m  OK  [0m] Stopped target Local File Systems.
         Unmounting /run/user/1000...
[[0;32m  OK  [0m] Unmounted /run/user/1000.
[[0;32m  OK  [0m] Reached target Unmount All Filesystems.
[[0;32m  OK  [0m] Stopped target Local File Systems (Pre).
[[0;32m  OK  [0m] Stopped Remount Root and Kernel File Systems.
[[0;32m  OK  [0m] Stopped Create Static Device Nodes in /dev.
[[0;32m  OK  [0m] Reached target Shutdown.
[24335.947159] reboot: Power down
